src/src/pages/Contact.tsx(1,27): error TS1484: 'FormEvent' is a type and must be imported using a type-only import when 'verbatimModuleSyntax' is enabled.
